==== default_key_mappings 
---- It "Check the definitions of the default key mappings in each mode" 
....................

==== global_variables 
---- It "Check global variables" 
.

==== named_key_mappings 
---- It "Check the existence of the named key mappings in each mode" 
....................

==== select_a 
---- It "<Plug>(textobj-indent-a)" 
....

==== select_i 
---- It "<Plug>(textobj-indent-i)" 
....

==== select_same_a 
---- It "<Plug>(textobj-indent-same-a)" 
....

==== select_same_i 
---- It "<Plug>(textobj-indent-same-i)" 
....



**** Result ****


57 examples, 0 failures
